Microchip MPLAB XC8 Compiler V2.40

Linker command line:

-W-3 \
  --edf=C:\Program Files\Microchip\xc8\v2.40\pic\dat\20220703182018_en.msgs \
  -cn -h+dist/default/production\Object_Counter.X.production.sym \
  --cmf=dist/default/production\Object_Counter.X.production.cmf -z -Q16F874 \
  -oC:\Users\DELL\AppData\Local\Temp\xcAs8q0.4 --defsym=__MPLAB_BUILD=1 \
  --fixupoverflow=error \
  -Mdist/default/production/Object_Counter.X.production.map \
  --md=C:\Users\DELL\AppData\Local\Temp\xcAs8q0.dat -E1 -ver=XC8 Compiler \
  --acfsm=1493 -ACODE=00h-07FFhx2 -ASTRCODE=00h-0FFFh -ASTRING=00h-0FFhx16 \
  -ACONST=00h-0FFhx16 -AENTRY=00h-0FFhx16 -ABANK0=020h-07Dh \
  -ABANK1=0A0h-0FDh -ARAM=020h-07Dh,0A0h-0FDh -AABS1=020h-07Fh,0A0h-0FFh \
  -ACOMMON=07Eh-07Fh -ASFR0=00h-01Fh -ASFR1=080h-09Fh -ASFR2=0100h-017Dh \
  -ASFR3=0180h-01FDh -ACONFIG=02007h-02007h -DCONFIG=2 \
  -AIDLOC=02000h-02003h -DIDLOC=2 -AEEDATA=00h-07Fh/02100h \
  -peeprom_data=EEDATA -DEEDATA=2 -DCODE=2 -DSTRCODE=2 -DSTRING=2 -DCONST=2 \
  -DENTRY=2 -preset_vec=00h,intentry=04h,init,end_init -ppowerup=CODE \
  -pcinit=CODE -pfunctab=ENTRY -k \
  C:\Users\DELL\AppData\Local\Temp\xcAs8q0.o \
  dist/default/production\Object_Counter.X.production.o 

Object code version is 3.11

Machine type is 16F874



                Name                               Link     Load   Length Selector   Space Scale
C:\Users\DELL\AppData\Local\Temp\xcAs8q0.o
                end_init                              D        D        2        8       0
                reset_vec                             0        0        2        0       0
                config                             2007     2007        1        0       4
                idloc                              2000     2000        4        0       5
dist/default/production\Object_Counter.X.production.o
                cinit                                 F        F       15        8       0
                intentry                              4        4        9        8       0
                maintext_split_1                     24       24      635        8       0
                config                             2007     2007        1        0       4
                idloc                              2000     2000        4        0       5
                text12                              9B0      9B0       4D     1360       0
                text11                              7CE      7CE       27        8       0
                text10                              742      742       8C        8       0
                text9                               B96      B96       D5     172C       0
                text8                               B19      B19       7D     1632       0
                text7                               659      659       E9        8       0
                text6                               96F      96F       41     12DE       0
                text5                               AB1      AB1       68     1562       0
                text4                               A53      A53       5E     14A6       0
                text3                               959      959       16     12B2       0
                text2                               7F5      7F5        B        8       0
                text1                               9FD      9FD       56     13FA       0
                maintext                            C6B      C6B      395     18D6       0
                cstackBANK0                          20       20       32       20       1
                clrtext                             936      936        8     126C       0
                inittext                            948      948       11     1290       0
                dataBANK0                            6E       6E        A       20       1
                bssBANK0                             52       52       1C       20       1
                strings                             800      800       16     1000       0
                idataBANK0                          93E      93E        A     127C       0

TOTAL           Name                               Link     Load   Length     Space
        CLASS   CODE           
                end_init                              D        D        2         0
                cinit                                 F        F       15         0
                intentry                              4        4        9         0
                reset_vec                             0        0        2         0
                maintext_split_1                     24       24      635         0
                text12                              9B0      9B0       4D         0
                text11                              7CE      7CE       27         0
                text10                              742      742       8C         0
                text9                               B96      B96       D5         0
                text8                               B19      B19       7D         0
                text7                               659      659       E9         0
                text6                               96F      96F       41         0
                text5                               AB1      AB1       68         0
                text4                               A53      A53       5E         0
                text3                               959      959       16         0
                text2                               7F5      7F5        B         0
                text1                               9FD      9FD       56         0
                maintext                            C6B      C6B      395         0
                clrtext                             936      936        8         0
                inittext                            948      948       11         0
                idataBANK0                          93E      93E        A         0

        CLASS   STRCODE        

        CLASS   STRING         
                strings                             800      800       16         0

        CLASS   CONST          

        CLASS   ENTRY          

        CLASS   BANK0          
                cstackBANK0                          20       20       32         1
                dataBANK0                            6E       6E        A         1
                bssBANK0                             52       52       1C         1

        CLASS   BANK1          

        CLASS   RAM            

        CLASS   ABS1           
                abs_s1                               7E       7E        2         1

        CLASS   COMMON         

        CLASS   SFR0           

        CLASS   SFR1           

        CLASS   SFR2           

        CLASS   SFR3           

        CLASS   CONFIG         
                config                             2007     2007        1         4

        CLASS   IDLOC          
                idloc                              2000     2000        4         5

        CLASS   EEDATA         

        CLASS   BANK3          

        CLASS   BANK2          

        CLASS   STACK          



SEGMENTS        Name                           Load    Length   Top    Selector   Space  Class     Delta

                reset_vec                      000000  000002  000002         0       0  CODE        2
                intentry                       000004  0007FC  000800         8       0  CODE        2
                cstackBANK0                    000020  000058  000078        20       1  BANK0       1
                strings                        000800  000016  000816      1000       0  STRING      2
                clrtext                        000936  000008  00093E      126C       0  CODE        2
                idataBANK0                     00093E  00000A  000948      127C       0  CODE        2
                inittext                       000948  000011  000959      1290       0  CODE        2
                text3                          000959  000016  00096F      12B2       0  CODE        2
                text6                          00096F  000041  0009B0      12DE       0  CODE        2
                text12                         0009B0  00004D  0009FD      1360       0  CODE        2
                text1                          0009FD  000056  000A53      13FA       0  CODE        2
                text4                          000A53  00005E  000AB1      14A6       0  CODE        2
                text5                          000AB1  000068  000B19      1562       0  CODE        2
                text8                          000B19  00007D  000B96      1632       0  CODE        2
                text9                          000B96  0000D5  000C6B      172C       0  CODE        2
                maintext                       000C6B  000395  001000      18D6       0  CODE        2


UNUSED ADDRESS RANGES

        Name                Unused          Largest block    Delta
        BANK0            00078-0007D               6           1
        BANK1            000A0-000FD              5E           1
        CODE             00002-00003               2           2
                         00816-00935             120
        CONST            00002-00003               2           2
                         00816-00935              EA
        EEDATA           02100-0217F              80           2
        ENTRY            00002-00003               2           2
                         00816-00935              EA
        RAM              00078-0007D               6           1
                         000A0-000FD              5E
        SFR0             00000-0001F              20           1
        SFR1             00080-0009F              20           1
        SFR2             00100-0017D              7E           1
        SFR3             00180-001FD              7E           1
        STRCODE          00002-00003               2           2
                         00816-00935             120
        STRING           00002-00003               2           2
                         00816-00935              EA

                                  Symbol Table

?___lldiv                           cstackBANK0      00022
?___llmod                           cstackBANK0      00022
DELAY_ms1@i                         cstackBANK0      00024
DELAY_ms1@j                         cstackBANK0      00026
DELAY_ms1@ms_Count                  cstackBANK0      00022
GPIO_PinDirection@enm_pinNumber     cstackBANK0      00026
GPIO_PinDirection@var_pinDirn_u8    cstackBANK0      00022
GPIO_PinDirection@var_portNumber_u8 cstackBANK0      00025
GPIO_PinRead@enm_pinNumber          cstackBANK0      00026
GPIO_PinRead@returnStatus           cstackBANK0      00025
GPIO_PinRead@var_portNumber_u8      cstackBANK0      00024
GPIO_PinWrite@enm_pinNumber         cstackBANK0      00026
GPIO_PinWrite@var_pinValue_u8       cstackBANK0      00022
GPIO_PinWrite@var_portNumber_u8     cstackBANK0      00025
KEYPAD_GetKey@i                     cstackBANK0      0002B
KEYPAD_GetKey@j                     cstackBANK0      0002A
KEYPAD_GetKey@v_KeyPressed_u8       cstackBANK0      00029
KEYPAD_Init@col_0                   cstackBANK0      0002A
KEYPAD_Init@col_1                   cstackBANK0      0002B
KEYPAD_Init@col_2                   cstackBANK0      0002C
KEYPAD_Init@col_3                   cstackBANK0      0002D
KEYPAD_Init@i                       cstackBANK0      00030
KEYPAD_Init@row_0                   cstackBANK0      0002F
KEYPAD_Init@row_1                   cstackBANK0      00027
KEYPAD_Init@row_2                   cstackBANK0      00028
KEYPAD_Init@row_3                   cstackBANK0      00029
UART_Init@v_baudRate_u32            cstackBANK0      00039
UART_SetBaudRate@RegValue           cstackBANK0      00038
UART_SetBaudRate@v_baudRate_u32     cstackBANK0      00030
UART_TxChar@v_uartData_u8           cstackBANK0      00022
_ADCON1                             (abs)            0009F
_A_ColsPins_U8                      bssBANK0         00052
_A_KeyLookUptable_U8                strings          00806
_A_RowsPins_U8                      bssBANK0         00056
_DELAY_ms1                          text11           007CE
_GPIO_PinDirection                  text7            00659
_GPIO_PinRead                       text10           00742
_GPIO_PinWrite                      text9            00B96
_INTCONbits                         (abs)            0000B
_KEYPAD_GetKey                      text8            00B19
_KEYPAD_Init                        text6            0096F
_OPTION_REGbits                     (abs)            00081
_PORTA                              (abs)            00005
_PORTB                              (abs)            00006
_PORTC                              (abs)            00007
_PORTD                              (abs)            00008
_PORTE                              (abs)            00009
_RCIF                               (abs)            00065
_RCREG                              (abs)            0001A
_RCSTA                              (abs)            00018
_RE0                                (abs)            00048
_RE1                                (abs)            00049
_SPBRG                              (abs)            00099
_TMR0                               (abs)            00001
_TRISA                              (abs)            00085
_TRISB                              (abs)            00086
_TRISBbits                          (abs)            00086
_TRISC                              (abs)            00087
_TRISD                              (abs)            00088
_TRISE                              (abs)            00089
_TXIF                               (abs)            00064
_TXREG                              (abs)            00019
_TXSTA                              (abs)            00098
_UART_Init                          text3            00959
_UART_SetBaudRate                   text4            00A53
_UART_TxChar                        text2            007F5
__Habs1                             abs1             00000
__Hbank0                            bank0            00000
__Hbank1                            bank1            00000
__Hbank2                            bank2            00000
__Hbank3                            bank3            00000
__HbssBANK0                         bssBANK0         00000
__Hcinit                            cinit            00024
__Hclrtext                          clrtext          00000
__Hcode                             code             00000
__Hcommon                           common           00000
__Hconfig                           config           02008
__HcstackBANK0                      cstackBANK0      00000
__HcstackCOMMON                     cstackCOMMON     00000
__HdataBANK0                        dataBANK0        00000
__Heeprom_data                      eeprom_data      00000
__Hend_init                         end_init         0000F
__Hfunctab                          functab          00000
__HidataBANK0                       idataBANK0       00000
__Hidloc                            idloc            02004
__Hinit                             init             0000D
__Hinittext                         inittext         00000
__Hintentry                         intentry         0000D
__Hmaintext                         maintext         00000
__Hmaintext_split_1                 maintext_split_1 00000
__Hpowerup                          powerup          00000
__Hram                              ram              00000
__Hreset_vec                        reset_vec        00002
__Hsfr0                             sfr0             00000
__Hsfr1                             sfr1             00000
__Hsfr2                             sfr2             00000
__Hsfr3                             sfr3             00000
__Hspace_0                          (abs)            01000
__Hspace_1                          (abs)            00078
__Hspace_2                          (abs)            00000
__Hspace_3                          (abs)            00000
__Hspace_4                          (abs)            0400F
__Hstack                            stack            00000
__Hstrings                          strings          00000
__Htext                             text             00000
__Labs1                             abs1             00000
__Lbank0                            bank0            00000
__Lbank1                            bank1            00000
__Lbank2                            bank2            00000
__Lbank3                            bank3            00000
__LbssBANK0                         bssBANK0         00000
__Lcinit                            cinit            0000F
__Lclrtext                          clrtext          00000
__Lcode                             code             00000
__Lcommon                           common           00000
__Lconfig                           config           00000
__LcstackBANK0                      cstackBANK0      00000
__LcstackCOMMON                     cstackCOMMON     00000
__LdataBANK0                        dataBANK0        00000
__Leeprom_data                      eeprom_data      00000
__Lend_init                         end_init         0000D
__Lfunctab                          functab          00000
__LidataBANK0                       idataBANK0       00000
__Lidloc                            idloc            00000
__Linit                             init             0000D
__Linittext                         inittext         00000
__Lintentry                         intentry         00004
__Lmaintext                         maintext         00000
__Lmaintext_split_1                 maintext_split_1 00000
__Lpowerup                          powerup          00000
__Lram                              ram              00000
__Lreset_vec                        reset_vec        00000
__Lsfr0                             sfr0             00000
__Lsfr1                             sfr1             00000
__Lsfr2                             sfr2             00000
__Lsfr3                             sfr3             00000
__Lspace_0                          (abs)            00000
__Lspace_1                          (abs)            00000
__Lspace_2                          (abs)            00000
__Lspace_3                          (abs)            00000
__Lspace_4                          (abs)            00000
__Lstack                            stack            00000
__Lstrings                          strings          00000
__Ltext                             text             00000
__S0                                (abs)            01000
__S1                                (abs)            00078
__S3                                (abs)            00000
___int_sp                           stack            00000
___latbits                          (abs)            00001
___lldiv                            text5            00AB1
___lldiv@counter                    cstackBANK0      0002F
___lldiv@dividend                   cstackBANK0      00026
___lldiv@divisor                    cstackBANK0      00022
___lldiv@quotient                   cstackBANK0      0002B
___llmod                            text1            009FD
___llmod@counter                    cstackBANK0      0002B
___llmod@dividend                   cstackBANK0      00026
___llmod@divisor                    cstackBANK0      00022
___sp                               stack            00000
___stackhi                          (abs)            00000
___stacklo                          (abs)            00000
__end_of_A_KeyLookUptable_U8        strings          00816
__end_of_DELAY_ms1                  text11           007F5
__end_of_GPIO_PinDirection          text7            00742
__end_of_GPIO_PinRead               text10           007CE
__end_of_GPIO_PinWrite              text9            00C6B
__end_of_KEYPAD_GetKey              text8            00B96
__end_of_KEYPAD_Init                text6            009B0
__end_of_UART_Init                  text3            0096F
__end_of_UART_SetBaudRate           text4            00AB1
__end_of_UART_TxChar                text2            00800
__end_of___lldiv                    text5            00B19
__end_of___llmod                    text1            00A53
__end_of__initialization            cinit            00021
__end_of__stringtab                 strings          00806
__end_of_main                       maintext_split_1 00659
__end_of_myIsr                      text12           009FD
__initialization                    cinit            0000F
__pbssBANK0                         bssBANK0         00052
__pcstackBANK0                      cstackBANK0      00020
__pcstackCOMMON                     cstackCOMMON     00000
__pdataBANK0                        dataBANK0        0006E
__pidataBANK0                       idataBANK0       0093E
__pintentry                         intentry         00004
__pmaintext                         maintext         00C6B
__pstrings                          strings          00800
__ptext1                            text1            009FD
__ptext10                           text10           00742
__ptext11                           text11           007CE
__ptext12                           text12           009B0
__ptext2                            text2            007F5
__ptext3                            text3            00959
__ptext4                            text4            00A53
__ptext5                            text5            00AB1
__ptext6                            text6            0096F
__ptext7                            text7            00659
__ptext8                            text8            00B19
__ptext9                            text9            00B96
__stringbase                        strings          00805
__stringtab                         strings          00800
_blink_seg_f                        bssBANK0         00068
_cnt                                bssBANK0         0005E
_counter_mode1                      bssBANK0         0006B
_counter_mode2                      bssBANK0         0006A
_get_key_f                          bssBANK0         0006C
_main                               maintext         00C6B
_myIsr                              text12           009B0
_seg_blink_cnt                      bssBANK0         00064
_seg_set                            bssBANK0         00062
_set_cnt                            bssBANK0         0005A
_setval_mode                        bssBANK0         00069
_timer0_cnt                         bssBANK0         00066
btemp                               (abs)            0007E
clear_ram0                          clrtext          00936
end_of_initialization               cinit            00021
init_fetch0                         inittext         00948
init_ram0                           inittext         0094C
interrupt_function                  intentry         00004
intlevel0                           functab          00000
intlevel1                           functab          00000
intlevel2                           functab          00000
intlevel3                           functab          00000
intlevel4                           functab          00000
intlevel5                           functab          00000
main@F940                           dataBANK0        0006E
main@key                            cstackBANK0      0004D
main@num                            cstackBANK0      0004E
main@seg_code                       cstackBANK0      00041
main@temp                           cstackBANK0      0004B
pnum$maintext                       (abs)            0000B
pnum$maintext_split_1               (abs)            0001B
psplit$0                            (abs)            B001B
reset_vec                           reset_vec        00000
saved_w                             (abs)            0007E
start                               init             0000D
start_initialization                cinit            0000F
wtemp0                              (abs)            0007E


MODULE INFORMATION

Module		Function		Class		Link	Load	Size
keypad.c
		_KEYPAD_Init   		CODE           	096F	0000	65
		_KEYPAD_GetKey 		CODE           	0B19	0000	125

keypad.c estimated size: 190

uart.c
		_UART_Init     		CODE           	0959	0000	22
		_UART_SetBaudRate		CODE           	0A53	0000	94
		_UART_TxChar   		CODE           	07F5	0000	11

uart.c estimated size: 127

C:\Program Files\Microchip\xc8\v2.40\pic\sources\c90\common\__lldiv.c
		___lldiv       		CODE           	0AB1	0000	104

C:\Program Files\Microchip\xc8\v2.40\pic\sources\c90\common\__lldiv.c estimated size: 104

shared
		__stringtab    		STRING         	0800	0000	6
		_A_KeyLookUptable_U8		STRING         	0806	0000	16
		__initialization		CODE           	000F	0000	18

shared estimated size: 40

C:\Program Files\Microchip\xc8\v2.40\pic\sources\c90\common\llmod.c
		___llmod       		CODE           	09FD	0000	86

C:\Program Files\Microchip\xc8\v2.40\pic\sources\c90\common\llmod.c estimated size: 86

gpio.c
		_GPIO_PinRead  		CODE           	0742	0000	140
		_GPIO_PinWrite 		CODE           	0B96	0000	213
		_GPIO_PinDirection		CODE           	0659	0000	233

gpio.c estimated size: 586

main.c
		_DELAY_ms1     		CODE           	07CE	0000	39
		_main          		CODE           	0C6B	0000	2506
		_myIsr         		CODE           	09B0	0000	77

main.c estimated size: 2622

